2025-12-01 00:12:14 [HikariPool-1 housekeeper] WARN  com.zaxxer.hikari.pool.HikariPool - HikariPool-1 - Thread starvation or clock leap detected (housekeeper delta=15m39s605ms).
2025-12-01 00:28:09 [HikariPool-1 housekeeper] WARN  com.zaxxer.hikari.pool.HikariPool - HikariPool-1 - Thread starvation or clock leap detected (housekeeper delta=15m54s999ms).
2025-12-01 00:28:10 [scheduling-1] DEBUG org.hibernate.SQL - 
    select
        n1_0.id,
        n1_0.channel,
        n1_0.created_at,
        n1_0.delivered_at,
        n1_0.error_message,
        n1_0.message,
        n1_0.read_at,
        n1_0.reference_id,
        n1_0.reference_type,
        n1_0.retry_count,
        n1_0.scheduled_for,
        n1_0.sent_at,
        n1_0.status,
        n1_0.template_key,
        n1_0.title,
        n1_0.type,
        n1_0.user_id 
    from
        meethub_schema.notifications n1_0 
    where
        n1_0.status=? 
        and n1_0.scheduled_for<=?
2025-12-01 00:28:10 [scheduling-1] TRACE org.hibernate.orm.jdbc.bind - binding parameter (1:VARCHAR) <- [PENDING]
2025-12-01 00:28:10 [scheduling-1] TRACE org.hibernate.orm.jdbc.bind - binding parameter (2:TIMESTAMP) <- [2025-12-01T00:28:10.602535]
2025-12-01 00:41:05 [HikariPool-1 housekeeper] WARN  com.zaxxer.hikari.pool.HikariPool - HikariPool-1 - Thread starvation or clock leap detected (housekeeper delta=12m26s60ms).
2025-12-01 00:41:06 [scheduling-1] DEBUG org.hibernate.SQL - 
    select
        n1_0.id,
        n1_0.channel,
        n1_0.created_at,
        n1_0.delivered_at,
        n1_0.error_message,
        n1_0.message,
        n1_0.read_at,
        n1_0.reference_id,
        n1_0.reference_type,
        n1_0.retry_count,
        n1_0.scheduled_for,
        n1_0.sent_at,
        n1_0.status,
        n1_0.template_key,
        n1_0.title,
        n1_0.type,
        n1_0.user_id 
    from
        meethub_schema.notifications n1_0 
    where
        n1_0.status=? 
        and n1_0.scheduled_for<=?
2025-12-01 00:41:06 [scheduling-1] TRACE org.hibernate.orm.jdbc.bind - binding parameter (1:VARCHAR) <- [PENDING]
2025-12-01 00:41:06 [scheduling-1] TRACE org.hibernate.orm.jdbc.bind - binding parameter (2:TIMESTAMP) <- [2025-12-01T00:41:06.664151]
2025-12-01 00:57:02 [HikariPool-1 housekeeper] WARN  com.zaxxer.hikari.pool.HikariPool - HikariPool-1 - Thread starvation or clock leap detected (housekeeper delta=15m56s744ms).
2025-12-01 00:57:33 [scheduling-1] DEBUG org.hibernate.SQL - 
    select
        n1_0.id,
        n1_0.channel,
        n1_0.created_at,
        n1_0.delivered_at,
        n1_0.error_message,
        n1_0.message,
        n1_0.read_at,
        n1_0.reference_id,
        n1_0.reference_type,
        n1_0.retry_count,
        n1_0.scheduled_for,
        n1_0.sent_at,
        n1_0.status,
        n1_0.template_key,
        n1_0.title,
        n1_0.type,
        n1_0.user_id 
    from
        meethub_schema.notifications n1_0 
    where
        n1_0.status=? 
        and n1_0.scheduled_for<=?
2025-12-01 00:57:33 [scheduling-1] TRACE org.hibernate.orm.jdbc.bind - binding parameter (1:VARCHAR) <- [PENDING]
2025-12-01 00:57:33 [scheduling-1] TRACE org.hibernate.orm.jdbc.bind - binding parameter (2:TIMESTAMP) <- [2025-12-01T00:57:33.416792]
2025-12-01 01:13:27 [HikariPool-1 housekeeper] WARN  com.zaxxer.hikari.pool.HikariPool - HikariPool-1 - Thread starvation or clock leap detected (housekeeper delta=15m55s816ms).
2025-12-01 01:29:23 [HikariPool-1 housekeeper] WARN  com.zaxxer.hikari.pool.HikariPool - HikariPool-1 - Thread starvation or clock leap detected (housekeeper delta=15m55s750ms).
2025-12-01 01:29:24 [scheduling-1] DEBUG org.hibernate.SQL - 
    select
        n1_0.id,
        n1_0.channel,
        n1_0.created_at,
        n1_0.delivered_at,
        n1_0.error_message,
        n1_0.message,
        n1_0.read_at,
        n1_0.reference_id,
        n1_0.reference_type,
        n1_0.retry_count,
        n1_0.scheduled_for,
        n1_0.sent_at,
        n1_0.status,
        n1_0.template_key,
        n1_0.title,
        n1_0.type,
        n1_0.user_id 
    from
        meethub_schema.notifications n1_0 
    where
        n1_0.status=? 
        and n1_0.scheduled_for<=?
2025-12-01 01:29:24 [scheduling-1] TRACE org.hibernate.orm.jdbc.bind - binding parameter (1:VARCHAR) <- [PENDING]
2025-12-01 01:29:24 [scheduling-1] TRACE org.hibernate.orm.jdbc.bind - binding parameter (2:TIMESTAMP) <- [2025-12-01T01:29:24.959767]
2025-12-01 01:45:48 [HikariPool-1 housekeeper] WARN  com.zaxxer.hikari.pool.HikariPool - HikariPool-1 - Thread starvation or clock leap detected (housekeeper delta=15m54s932ms).
2025-12-01 01:45:49 [scheduling-1] DEBUG org.hibernate.SQL - 
    select
        n1_0.id,
        n1_0.channel,
        n1_0.created_at,
        n1_0.delivered_at,
        n1_0.error_message,
        n1_0.message,
        n1_0.read_at,
        n1_0.reference_id,
        n1_0.reference_type,
        n1_0.retry_count,
        n1_0.scheduled_for,
        n1_0.sent_at,
        n1_0.status,
        n1_0.template_key,
        n1_0.title,
        n1_0.type,
        n1_0.user_id 
    from
        meethub_schema.notifications n1_0 
    where
        n1_0.status=? 
        and n1_0.scheduled_for<=?
2025-12-01 01:45:49 [scheduling-1] TRACE org.hibernate.orm.jdbc.bind - binding parameter (1:VARCHAR) <- [PENDING]
2025-12-01 01:45:49 [scheduling-1] TRACE org.hibernate.orm.jdbc.bind - binding parameter (2:TIMESTAMP) <- [2025-12-01T01:45:49.866704]
2025-12-01 02:02:13 [HikariPool-1 housekeeper] WARN  com.zaxxer.hikari.pool.HikariPool - HikariPool-1 - Thread starvation or clock leap detected (housekeeper delta=15m54s948ms).
2025-12-01 02:02:14 [scheduling-1] DEBUG org.hibernate.SQL - 
    select
        n1_0.id,
        n1_0.channel,
        n1_0.created_at,
        n1_0.delivered_at,
        n1_0.error_message,
        n1_0.message,
        n1_0.read_at,
        n1_0.reference_id,
        n1_0.reference_type,
        n1_0.retry_count,
        n1_0.scheduled_for,
        n1_0.sent_at,
        n1_0.status,
        n1_0.template_key,
        n1_0.title,
        n1_0.type,
        n1_0.user_id 
    from
        meethub_schema.notifications n1_0 
    where
        n1_0.status=? 
        and n1_0.scheduled_for<=?
2025-12-01 02:02:14 [scheduling-1] TRACE org.hibernate.orm.jdbc.bind - binding parameter (1:VARCHAR) <- [PENDING]
2025-12-01 02:02:14 [scheduling-1] TRACE org.hibernate.orm.jdbc.bind - binding parameter (2:TIMESTAMP) <- [2025-12-01T02:02:14.786302]
2025-12-01 02:18:10 [HikariPool-1 housekeeper] WARN  com.zaxxer.hikari.pool.HikariPool - HikariPool-1 - Thread starvation or clock leap detected (housekeeper delta=15m56s698ms).
2025-12-01 02:18:41 [scheduling-1] DEBUG org.hibernate.SQL - 
    select
        n1_0.id,
        n1_0.channel,
        n1_0.created_at,
        n1_0.delivered_at,
        n1_0.error_message,
        n1_0.message,
        n1_0.read_at,
        n1_0.reference_id,
        n1_0.reference_type,
        n1_0.retry_count,
        n1_0.scheduled_for,
        n1_0.sent_at,
        n1_0.status,
        n1_0.template_key,
        n1_0.title,
        n1_0.type,
        n1_0.user_id 
    from
        meethub_schema.notifications n1_0 
    where
        n1_0.status=? 
        and n1_0.scheduled_for<=?
2025-12-01 02:18:41 [scheduling-1] TRACE org.hibernate.orm.jdbc.bind - binding parameter (1:VARCHAR) <- [PENDING]
2025-12-01 02:18:41 [scheduling-1] TRACE org.hibernate.orm.jdbc.bind - binding parameter (2:TIMESTAMP) <- [2025-12-01T02:18:41.481733]
2025-12-01 02:27:10 [HikariPool-1 housekeeper] WARN  com.zaxxer.hikari.pool.HikariPool - HikariPool-1 - Thread starvation or clock leap detected (housekeeper delta=8m30s772ms).
2025-12-01 02:27:42 [scheduling-1] DEBUG org.hibernate.SQL - 
    select
        n1_0.id,
        n1_0.channel,
        n1_0.created_at,
        n1_0.delivered_at,
        n1_0.error_message,
        n1_0.message,
        n1_0.read_at,
        n1_0.reference_id,
        n1_0.reference_type,
        n1_0.retry_count,
        n1_0.scheduled_for,
        n1_0.sent_at,
        n1_0.status,
        n1_0.template_key,
        n1_0.title,
        n1_0.type,
        n1_0.user_id 
    from
        meethub_schema.notifications n1_0 
    where
        n1_0.status=? 
        and n1_0.scheduled_for<=?
2025-12-01 02:27:42 [scheduling-1] TRACE org.hibernate.orm.jdbc.bind - binding parameter (1:VARCHAR) <- [PENDING]
2025-12-01 02:27:42 [scheduling-1] TRACE org.hibernate.orm.jdbc.bind - binding parameter (2:TIMESTAMP) <- [2025-12-01T02:27:42.243350]
2025-12-01 02:43:36 [HikariPool-1 housekeeper] WARN  com.zaxxer.hikari.pool.HikariPool - HikariPool-1 - Thread starvation or clock leap detected (housekeeper delta=15m55s767ms).
2025-12-01 02:59:33 [HikariPool-1 housekeeper] WARN  com.zaxxer.hikari.pool.HikariPool - HikariPool-1 - Thread starvation or clock leap detected (housekeeper delta=15m56s747ms).
2025-12-01 02:59:34 [scheduling-1] DEBUG org.hibernate.SQL - 
    select
        n1_0.id,
        n1_0.channel,
        n1_0.created_at,
        n1_0.delivered_at,
        n1_0.error_message,
        n1_0.message,
        n1_0.read_at,
        n1_0.reference_id,
        n1_0.reference_type,
        n1_0.retry_count,
        n1_0.scheduled_for,
        n1_0.sent_at,
        n1_0.status,
        n1_0.template_key,
        n1_0.title,
        n1_0.type,
        n1_0.user_id 
    from
        meethub_schema.notifications n1_0 
    where
        n1_0.status=? 
        and n1_0.scheduled_for<=?
2025-12-01 02:59:34 [scheduling-1] TRACE org.hibernate.orm.jdbc.bind - binding parameter (1:VARCHAR) <- [PENDING]
2025-12-01 02:59:34 [scheduling-1] TRACE org.hibernate.orm.jdbc.bind - binding parameter (2:TIMESTAMP) <- [2025-12-01T02:59:34.735635]
2025-12-01 03:15:53 [HikariPool-1 housekeeper] WARN  com.zaxxer.hikari.pool.HikariPool - HikariPool-1 - Thread starvation or clock leap detected (housekeeper delta=15m50s339ms).
2025-12-01 03:15:55 [scheduling-1] DEBUG org.hibernate.SQL - 
    select
        n1_0.id,
        n1_0.channel,
        n1_0.created_at,
        n1_0.delivered_at,
        n1_0.error_message,
        n1_0.message,
        n1_0.read_at,
        n1_0.reference_id,
        n1_0.reference_type,
        n1_0.retry_count,
        n1_0.scheduled_for,
        n1_0.sent_at,
        n1_0.status,
        n1_0.template_key,
        n1_0.title,
        n1_0.type,
        n1_0.user_id 
    from
        meethub_schema.notifications n1_0 
    where
        n1_0.status=? 
        and n1_0.scheduled_for<=?
2025-12-01 03:15:55 [scheduling-1] TRACE org.hibernate.orm.jdbc.bind - binding parameter (1:VARCHAR) <- [PENDING]
2025-12-01 03:15:55 [scheduling-1] TRACE org.hibernate.orm.jdbc.bind - binding parameter (2:TIMESTAMP) <- [2025-12-01T03:15:55.035266]
2025-12-01 03:31:48 [HikariPool-1 housekeeper] WARN  com.zaxxer.hikari.pool.HikariPool - HikariPool-1 - Thread starvation or clock leap detected (housekeeper delta=15m54s945ms).
2025-12-01 03:32:20 [scheduling-1] DEBUG org.hibernate.SQL - 
    select
        n1_0.id,
        n1_0.channel,
        n1_0.created_at,
        n1_0.delivered_at,
        n1_0.error_message,
        n1_0.message,
        n1_0.read_at,
        n1_0.reference_id,
        n1_0.reference_type,
        n1_0.retry_count,
        n1_0.scheduled_for,
        n1_0.sent_at,
        n1_0.status,
        n1_0.template_key,
        n1_0.title,
        n1_0.type,
        n1_0.user_id 
    from
        meethub_schema.notifications n1_0 
    where
        n1_0.status=? 
        and n1_0.scheduled_for<=?
2025-12-01 03:32:20 [scheduling-1] TRACE org.hibernate.orm.jdbc.bind - binding parameter (1:VARCHAR) <- [PENDING]
2025-12-01 03:32:20 [scheduling-1] TRACE org.hibernate.orm.jdbc.bind - binding parameter (2:TIMESTAMP) <- [2025-12-01T03:32:19.999284]
2025-12-01 03:48:19 [HikariPool-1 housekeeper] WARN  com.zaxxer.hikari.pool.HikariPool - HikariPool-1 - Thread starvation or clock leap detected (housekeeper delta=16m440ms).
2025-12-01 03:48:50 [scheduling-1] DEBUG org.hibernate.SQL - 
    select
        n1_0.id,
        n1_0.channel,
        n1_0.created_at,
        n1_0.delivered_at,
        n1_0.error_message,
        n1_0.message,
        n1_0.read_at,
        n1_0.reference_id,
        n1_0.reference_type,
        n1_0.retry_count,
        n1_0.scheduled_for,
        n1_0.sent_at,
        n1_0.status,
        n1_0.template_key,
        n1_0.title,
        n1_0.type,
        n1_0.user_id 
    from
        meethub_schema.notifications n1_0 
    where
        n1_0.status=? 
        and n1_0.scheduled_for<=?
2025-12-01 03:48:50 [scheduling-1] TRACE org.hibernate.orm.jdbc.bind - binding parameter (1:VARCHAR) <- [PENDING]
2025-12-01 03:48:50 [scheduling-1] TRACE org.hibernate.orm.jdbc.bind - binding parameter (2:TIMESTAMP) <- [2025-12-01T03:48:50.435338]
2025-12-01 04:04:44 [HikariPool-1 housekeeper] WARN  com.zaxxer.hikari.pool.HikariPool - HikariPool-1 - Thread starvation or clock leap detected (housekeeper delta=15m54s931ms).
2025-12-01 04:20:39 [HikariPool-1 housekeeper] WARN  com.zaxxer.hikari.pool.HikariPool - HikariPool-1 - Thread starvation or clock leap detected (housekeeper delta=15m55s758ms).
2025-12-01 04:20:41 [scheduling-1] DEBUG org.hibernate.SQL - 
    select
        n1_0.id,
        n1_0.channel,
        n1_0.created_at,
        n1_0.delivered_at,
        n1_0.error_message,
        n1_0.message,
        n1_0.read_at,
        n1_0.reference_id,
        n1_0.reference_type,
        n1_0.retry_count,
        n1_0.scheduled_for,
        n1_0.sent_at,
        n1_0.status,
        n1_0.template_key,
        n1_0.title,
        n1_0.type,
        n1_0.user_id 
    from
        meethub_schema.notifications n1_0 
    where
        n1_0.status=? 
        and n1_0.scheduled_for<=?
2025-12-01 04:20:41 [scheduling-1] TRACE org.hibernate.orm.jdbc.bind - binding parameter (1:VARCHAR) <- [PENDING]
2025-12-01 04:20:41 [scheduling-1] TRACE org.hibernate.orm.jdbc.bind - binding parameter (2:TIMESTAMP) <- [2025-12-01T04:20:41.103404]
2025-12-01 04:35:42 [HikariPool-1 housekeeper] WARN  com.zaxxer.hikari.pool.HikariPool - HikariPool-1 - Thread starvation or clock leap detected (housekeeper delta=14m32s130ms).
2025-12-01 04:35:43 [scheduling-1] DEBUG org.hibernate.SQL - 
    select
        n1_0.id,
        n1_0.channel,
        n1_0.created_at,
        n1_0.delivered_at,
        n1_0.error_message,
        n1_0.message,
        n1_0.read_at,
        n1_0.reference_id,
        n1_0.reference_type,
        n1_0.retry_count,
        n1_0.scheduled_for,
        n1_0.sent_at,
        n1_0.status,
        n1_0.template_key,
        n1_0.title,
        n1_0.type,
        n1_0.user_id 
    from
        meethub_schema.notifications n1_0 
    where
        n1_0.status=? 
        and n1_0.scheduled_for<=?
2025-12-01 04:35:43 [scheduling-1] TRACE org.hibernate.orm.jdbc.bind - binding parameter (1:VARCHAR) <- [PENDING]
2025-12-01 04:35:43 [scheduling-1] TRACE org.hibernate.orm.jdbc.bind - binding parameter (2:TIMESTAMP) <- [2025-12-01T04:35:43.231600]
2025-12-01 04:51:37 [HikariPool-1 housekeeper] WARN  com.zaxxer.hikari.pool.HikariPool - HikariPool-1 - Thread starvation or clock leap detected (housekeeper delta=15m54s970ms).
2025-12-01 04:52:08 [scheduling-1] DEBUG org.hibernate.SQL - 
    select
        n1_0.id,
        n1_0.channel,
        n1_0.created_at,
        n1_0.delivered_at,
        n1_0.error_message,
        n1_0.message,
        n1_0.read_at,
        n1_0.reference_id,
        n1_0.reference_type,
        n1_0.retry_count,
        n1_0.scheduled_for,
        n1_0.sent_at,
        n1_0.status,
        n1_0.template_key,
        n1_0.title,
        n1_0.type,
        n1_0.user_id 
    from
        meethub_schema.notifications n1_0 
    where
        n1_0.status=? 
        and n1_0.scheduled_for<=?
2025-12-01 04:52:08 [scheduling-1] TRACE org.hibernate.orm.jdbc.bind - binding parameter (1:VARCHAR) <- [PENDING]
2025-12-01 04:52:08 [scheduling-1] TRACE org.hibernate.orm.jdbc.bind - binding parameter (2:TIMESTAMP) <- [2025-12-01T04:52:08.164565]
2025-12-01 05:08:02 [HikariPool-1 housekeeper] WARN  com.zaxxer.hikari.pool.HikariPool - HikariPool-1 - Thread starvation or clock leap detected (housekeeper delta=15m55s792ms).
2025-12-01 05:23:57 [HikariPool-1 housekeeper] WARN  com.zaxxer.hikari.pool.HikariPool - HikariPool-1 - Thread starvation or clock leap detected (housekeeper delta=15m54s965ms).
2025-12-01 05:23:58 [scheduling-1] DEBUG org.hibernate.SQL - 
    select
        n1_0.id,
        n1_0.channel,
        n1_0.created_at,
        n1_0.delivered_at,
        n1_0.error_message,
        n1_0.message,
        n1_0.read_at,
        n1_0.reference_id,
        n1_0.reference_type,
        n1_0.retry_count,
        n1_0.scheduled_for,
        n1_0.sent_at,
        n1_0.status,
        n1_0.template_key,
        n1_0.title,
        n1_0.type,
        n1_0.user_id 
    from
        meethub_schema.notifications n1_0 
    where
        n1_0.status=? 
        and n1_0.scheduled_for<=?
2025-12-01 05:23:58 [scheduling-1] TRACE org.hibernate.orm.jdbc.bind - binding parameter (1:VARCHAR) <- [PENDING]
2025-12-01 05:23:58 [scheduling-1] TRACE org.hibernate.orm.jdbc.bind - binding parameter (2:TIMESTAMP) <- [2025-12-01T05:23:58.900090]
2025-12-01 05:40:23 [HikariPool-1 housekeeper] WARN  com.zaxxer.hikari.pool.HikariPool - HikariPool-1 - Thread starvation or clock leap detected (housekeeper delta=15m55s763ms).
2025-12-01 05:40:24 [scheduling-1] DEBUG org.hibernate.SQL - 
    select
        n1_0.id,
        n1_0.channel,
        n1_0.created_at,
        n1_0.delivered_at,
        n1_0.error_message,
        n1_0.message,
        n1_0.read_at,
        n1_0.reference_id,
        n1_0.reference_type,
        n1_0.retry_count,
        n1_0.scheduled_for,
        n1_0.sent_at,
        n1_0.status,
        n1_0.template_key,
        n1_0.title,
        n1_0.type,
        n1_0.user_id 
    from
        meethub_schema.notifications n1_0 
    where
        n1_0.status=? 
        and n1_0.scheduled_for<=?
2025-12-01 05:40:24 [scheduling-1] TRACE org.hibernate.orm.jdbc.bind - binding parameter (1:VARCHAR) <- [PENDING]
2025-12-01 05:40:24 [scheduling-1] TRACE org.hibernate.orm.jdbc.bind - binding parameter (2:TIMESTAMP) <- [2025-12-01T05:40:24.636667]
2025-12-01 05:56:23 [HikariPool-1 housekeeper] WARN  com.zaxxer.hikari.pool.HikariPool - HikariPool-1 - Thread starvation or clock leap detected (housekeeper delta=15m29s689ms).
2025-12-01 05:56:24 [scheduling-1] DEBUG org.hibernate.SQL - 
    select
        n1_0.id,
        n1_0.channel,
        n1_0.created_at,
        n1_0.delivered_at,
        n1_0.error_message,
        n1_0.message,
        n1_0.read_at,
        n1_0.reference_id,
        n1_0.reference_type,
        n1_0.retry_count,
        n1_0.scheduled_for,
        n1_0.sent_at,
        n1_0.status,
        n1_0.template_key,
        n1_0.title,
        n1_0.type,
        n1_0.user_id 
    from
        meethub_schema.notifications n1_0 
    where
        n1_0.status=? 
        and n1_0.scheduled_for<=?
2025-12-01 05:56:24 [scheduling-1] TRACE org.hibernate.orm.jdbc.bind - binding parameter (1:VARCHAR) <- [PENDING]
2025-12-01 05:56:24 [scheduling-1] TRACE org.hibernate.orm.jdbc.bind - binding parameter (2:TIMESTAMP) <- [2025-12-01T05:56:24.301455]
2025-12-01 06:12:18 [HikariPool-1 housekeeper] WARN  com.zaxxer.hikari.pool.HikariPool - HikariPool-1 - Thread starvation or clock leap detected (housekeeper delta=15m54s956ms).
2025-12-01 06:12:49 [scheduling-1] DEBUG org.hibernate.SQL - 
    select
        n1_0.id,
        n1_0.channel,
        n1_0.created_at,
        n1_0.delivered_at,
        n1_0.error_message,
        n1_0.message,
        n1_0.read_at,
        n1_0.reference_id,
        n1_0.reference_type,
        n1_0.retry_count,
        n1_0.scheduled_for,
        n1_0.sent_at,
        n1_0.status,
        n1_0.template_key,
        n1_0.title,
        n1_0.type,
        n1_0.user_id 
    from
        meethub_schema.notifications n1_0 
    where
        n1_0.status=? 
        and n1_0.scheduled_for<=?
2025-12-01 06:12:49 [scheduling-1] TRACE org.hibernate.orm.jdbc.bind - binding parameter (1:VARCHAR) <- [PENDING]
2025-12-01 06:12:49 [scheduling-1] TRACE org.hibernate.orm.jdbc.bind - binding parameter (2:TIMESTAMP) <- [2025-12-01T06:12:49.250605]
2025-12-01 06:28:44 [HikariPool-1 housekeeper] WARN  com.zaxxer.hikari.pool.HikariPool - HikariPool-1 - Thread starvation or clock leap detected (housekeeper delta=15m55s841ms).
2025-12-01 06:36:18 [HikariPool-1 housekeeper] WARN  com.zaxxer.hikari.pool.HikariPool - HikariPool-1 - Thread starvation or clock leap detected (housekeeper delta=7m34s662ms).
2025-12-01 06:36:19 [scheduling-1] DEBUG org.hibernate.SQL - 
    select
        n1_0.id,
        n1_0.channel,
        n1_0.created_at,
        n1_0.delivered_at,
        n1_0.error_message,
        n1_0.message,
        n1_0.read_at,
        n1_0.reference_id,
        n1_0.reference_type,
        n1_0.retry_count,
        n1_0.scheduled_for,
        n1_0.sent_at,
        n1_0.status,
        n1_0.template_key,
        n1_0.title,
        n1_0.type,
        n1_0.user_id 
    from
        meethub_schema.notifications n1_0 
    where
        n1_0.status=? 
        and n1_0.scheduled_for<=?
2025-12-01 06:36:19 [scheduling-1] TRACE org.hibernate.orm.jdbc.bind - binding parameter (1:VARCHAR) <- [PENDING]
2025-12-01 06:36:19 [scheduling-1] TRACE org.hibernate.orm.jdbc.bind - binding parameter (2:TIMESTAMP) <- [2025-12-01T06:36:19.732673]
2025-12-01 06:52:44 [HikariPool-1 housekeeper] WARN  com.zaxxer.hikari.pool.HikariPool - HikariPool-1 - Thread starvation or clock leap detected (housekeeper delta=15m55s814ms).
2025-12-01 06:52:45 [scheduling-1] DEBUG org.hibernate.SQL - 
    select
        n1_0.id,
        n1_0.channel,
        n1_0.created_at,
        n1_0.delivered_at,
        n1_0.error_message,
        n1_0.message,
        n1_0.read_at,
        n1_0.reference_id,
        n1_0.reference_type,
        n1_0.retry_count,
        n1_0.scheduled_for,
        n1_0.sent_at,
        n1_0.status,
        n1_0.template_key,
        n1_0.title,
        n1_0.type,
        n1_0.user_id 
    from
        meethub_schema.notifications n1_0 
    where
        n1_0.status=? 
        and n1_0.scheduled_for<=?
2025-12-01 06:52:45 [scheduling-1] TRACE org.hibernate.orm.jdbc.bind - binding parameter (1:VARCHAR) <- [PENDING]
2025-12-01 06:52:45 [scheduling-1] TRACE org.hibernate.orm.jdbc.bind - binding parameter (2:TIMESTAMP) <- [2025-12-01T06:52:45.536406]
2025-12-01 07:08:39 [HikariPool-1 housekeeper] WARN  com.zaxxer.hikari.pool.HikariPool - HikariPool-1 - Thread starvation or clock leap detected (housekeeper delta=15m55s11ms).
2025-12-01 07:09:10 [scheduling-1] DEBUG org.hibernate.SQL - 
    select
        n1_0.id,
        n1_0.channel,
        n1_0.created_at,
        n1_0.delivered_at,
        n1_0.error_message,
        n1_0.message,
        n1_0.read_at,
        n1_0.reference_id,
        n1_0.reference_type,
        n1_0.retry_count,
        n1_0.scheduled_for,
        n1_0.sent_at,
        n1_0.status,
        n1_0.template_key,
        n1_0.title,
        n1_0.type,
        n1_0.user_id 
    from
        meethub_schema.notifications n1_0 
    where
        n1_0.status=? 
        and n1_0.scheduled_for<=?
2025-12-01 07:09:10 [scheduling-1] TRACE org.hibernate.orm.jdbc.bind - binding parameter (1:VARCHAR) <- [PENDING]
2025-12-01 07:09:10 [scheduling-1] TRACE org.hibernate.orm.jdbc.bind - binding parameter (2:TIMESTAMP) <- [2025-12-01T07:09:10.540107]
2025-12-01 07:25:02 [HikariPool-1 housekeeper] WARN  com.zaxxer.hikari.pool.HikariPool - HikariPool-1 - Thread starvation or clock leap detected (housekeeper delta=15m52s664ms).
2025-12-01 07:25:33 [scheduling-1] DEBUG org.hibernate.SQL - 
    select
        n1_0.id,
        n1_0.channel,
        n1_0.created_at,
        n1_0.delivered_at,
        n1_0.error_message,
        n1_0.message,
        n1_0.read_at,
        n1_0.reference_id,
        n1_0.reference_type,
        n1_0.retry_count,
        n1_0.scheduled_for,
        n1_0.sent_at,
        n1_0.status,
        n1_0.template_key,
        n1_0.title,
        n1_0.type,
        n1_0.user_id 
    from
        meethub_schema.notifications n1_0 
    where
        n1_0.status=? 
        and n1_0.scheduled_for<=?
2025-12-01 07:25:33 [scheduling-1] TRACE org.hibernate.orm.jdbc.bind - binding parameter (1:VARCHAR) <- [PENDING]
2025-12-01 07:25:33 [scheduling-1] TRACE org.hibernate.orm.jdbc.bind - binding parameter (2:TIMESTAMP) <- [2025-12-01T07:25:33.182485]
2025-12-01 07:37:41 [HikariPool-1 housekeeper] WARN  com.zaxxer.hikari.pool.HikariPool - HikariPool-1 - Thread starvation or clock leap detected (housekeeper delta=12m9s93ms).
2025-12-01 07:53:37 [HikariPool-1 housekeeper] WARN  com.zaxxer.hikari.pool.HikariPool - HikariPool-1 - Thread starvation or clock leap detected (housekeeper delta=15m55s787ms).
2025-12-01 07:53:38 [scheduling-1] DEBUG org.hibernate.SQL - 
    select
        n1_0.id,
        n1_0.channel,
        n1_0.created_at,
        n1_0.delivered_at,
        n1_0.error_message,
        n1_0.message,
        n1_0.read_at,
        n1_0.reference_id,
        n1_0.reference_type,
        n1_0.retry_count,
        n1_0.scheduled_for,
        n1_0.sent_at,
        n1_0.status,
        n1_0.template_key,
        n1_0.title,
        n1_0.type,
        n1_0.user_id 
    from
        meethub_schema.notifications n1_0 
    where
        n1_0.status=? 
        and n1_0.scheduled_for<=?
2025-12-01 07:53:38 [scheduling-1] TRACE org.hibernate.orm.jdbc.bind - binding parameter (1:VARCHAR) <- [PENDING]
2025-12-01 07:53:38 [scheduling-1] TRACE org.hibernate.orm.jdbc.bind - binding parameter (2:TIMESTAMP) <- [2025-12-01T07:53:38.039831]
2025-12-01 08:10:04 [HikariPool-1 housekeeper] WARN  com.zaxxer.hikari.pool.HikariPool - HikariPool-1 - Thread starvation or clock leap detected (housekeeper delta=15m57s677ms).
2025-12-01 08:10:05 [scheduling-1] DEBUG org.hibernate.SQL - 
    select
        n1_0.id,
        n1_0.channel,
        n1_0.created_at,
        n1_0.delivered_at,
        n1_0.error_message,
        n1_0.message,
        n1_0.read_at,
        n1_0.reference_id,
        n1_0.reference_type,
        n1_0.retry_count,
        n1_0.scheduled_for,
        n1_0.sent_at,
        n1_0.status,
        n1_0.template_key,
        n1_0.title,
        n1_0.type,
        n1_0.user_id 
    from
        meethub_schema.notifications n1_0 
    where
        n1_0.status=? 
        and n1_0.scheduled_for<=?
2025-12-01 08:10:05 [scheduling-1] TRACE org.hibernate.orm.jdbc.bind - binding parameter (1:VARCHAR) <- [PENDING]
2025-12-01 08:10:05 [scheduling-1] TRACE org.hibernate.orm.jdbc.bind - binding parameter (2:TIMESTAMP) <- [2025-12-01T08:10:05.683128]
2025-12-01 08:26:00 [HikariPool-1 housekeeper] WARN  com.zaxxer.hikari.pool.HikariPool - HikariPool-1 - Thread starvation or clock leap detected (housekeeper delta=15m55s782ms).
2025-12-01 08:26:31 [scheduling-1] DEBUG org.hibernate.SQL - 
    select
        n1_0.id,
        n1_0.channel,
        n1_0.created_at,
        n1_0.delivered_at,
        n1_0.error_message,
        n1_0.message,
        n1_0.read_at,
        n1_0.reference_id,
        n1_0.reference_type,
        n1_0.retry_count,
        n1_0.scheduled_for,
        n1_0.sent_at,
        n1_0.status,
        n1_0.template_key,
        n1_0.title,
        n1_0.type,
        n1_0.user_id 
    from
        meethub_schema.notifications n1_0 
    where
        n1_0.status=? 
        and n1_0.scheduled_for<=?
2025-12-01 08:26:31 [scheduling-1] TRACE org.hibernate.orm.jdbc.bind - binding parameter (1:VARCHAR) <- [PENDING]
2025-12-01 08:26:31 [scheduling-1] TRACE org.hibernate.orm.jdbc.bind - binding parameter (2:TIMESTAMP) <- [2025-12-01T08:26:31.444457]
2025-12-01 08:55:06 [HikariPool-1 housekeeper] WARN  com.zaxxer.hikari.pool.HikariPool - HikariPool-1 - Thread starvation or clock leap detected (housekeeper delta=28m36s115ms).
2025-12-01 09:49:05 [HikariPool-1 housekeeper] WARN  com.zaxxer.hikari.pool.HikariPool - HikariPool-1 - Thread starvation or clock leap detected (housekeeper delta=53m58s995ms).
2025-12-01 09:49:06 [scheduling-1] DEBUG org.hibernate.SQL - 
    select
        n1_0.id,
        n1_0.channel,
        n1_0.created_at,
        n1_0.delivered_at,
        n1_0.error_message,
        n1_0.message,
        n1_0.read_at,
        n1_0.reference_id,
        n1_0.reference_type,
        n1_0.retry_count,
        n1_0.scheduled_for,
        n1_0.sent_at,
        n1_0.status,
        n1_0.template_key,
        n1_0.title,
        n1_0.type,
        n1_0.user_id 
    from
        meethub_schema.notifications n1_0 
    where
        n1_0.status=? 
        and n1_0.scheduled_for<=?
2025-12-01 09:49:06 [scheduling-1] TRACE org.hibernate.orm.jdbc.bind - binding parameter (1:VARCHAR) <- [PENDING]
2025-12-01 09:49:06 [scheduling-1] TRACE org.hibernate.orm.jdbc.bind - binding parameter (2:TIMESTAMP) <- [2025-12-01T09:49:06.532649]
2025-12-01 09:57:56 [HikariPool-1 housekeeper] WARN  com.zaxxer.hikari.pool.HikariPool - HikariPool-1 - Thread starvation or clock leap detected (housekeeper delta=8m50s866ms).
2025-12-01 10:21:30 [scheduling-1] DEBUG org.hibernate.SQL - 
    select
        n1_0.id,
        n1_0.channel,
        n1_0.created_at,
        n1_0.delivered_at,
        n1_0.error_message,
        n1_0.message,
        n1_0.read_at,
        n1_0.reference_id,
        n1_0.reference_type,
        n1_0.retry_count,
        n1_0.scheduled_for,
        n1_0.sent_at,
        n1_0.status,
        n1_0.template_key,
        n1_0.title,
        n1_0.type,
        n1_0.user_id 
    from
        meethub_schema.notifications n1_0 
    where
        n1_0.status=? 
        and n1_0.scheduled_for<=?
2025-12-01 10:21:30 [scheduling-1] TRACE org.hibernate.orm.jdbc.bind - binding parameter (1:VARCHAR) <- [PENDING]
2025-12-01 10:21:30 [scheduling-1] TRACE org.hibernate.orm.jdbc.bind - binding parameter (2:TIMESTAMP) <- [2025-12-01T10:21:30.845819]
2025-12-01 10:21:31 [HikariPool-1 housekeeper] WARN  com.zaxxer.hikari.pool.HikariPool - HikariPool-1 - Thread starvation or clock leap detected (housekeeper delta=23m35s364ms).
2025-12-01 10:39:04 [SpringApplicationShutdownHook] INFO  o.s.o.j.LocalContainerEntityManagerFactoryBean - Closing JPA EntityManagerFactory for persistence unit 'default'
2025-12-01 10:39:04 [SpringApplicationShutdownHook] INFO  com.zaxxer.hikari.HikariDataSource - HikariPool-1 - Shutdown initiated...
2025-12-01 10:39:04 [SpringApplicationShutdownHook] INFO  com.zaxxer.hikari.HikariDataSource - HikariPool-1 - Shutdown completed.
